
LevPolyBounded.hs:12:15: error:
    • Expected a type, but ‘a’ has kind ‘TYPE r’
    • In the type signature: LevPolyBounded.minBound :: a
      In the class declaration for ‘XBounded’

LevPolyBounded.hs:13:15: error:
    • Expected a type, but ‘a’ has kind ‘TYPE r’
    • In the type signature: LevPolyBounded.maxBound :: a
      In the class declaration for ‘XBounded’
