
tlks_fail004.hs:9:11: error:
    • Illegal constraint in a kind: forall a. Eq a => *
    • In a top-level kind signature for ‘Q’: Eq a => Type
